MSBuild version 17.14.40+3e7442088 for .NET Framework

  1>Automatic MOC and UIC for target AuraCastPro
  AutoMoc warning
  ---------------
  "SRC:/src/licensing/LicenseManager.cpp"
  includes the moc file "LicenseManager.moc", but does not contain a Q_OBJECT, Q_GADGET, Q_NAMESPACE, Q_NAMESPACE_EXPORT, Q_GADGET_EXPORT or Q_ENUM_NS macro.
  
  AutoMoc warning
  ---------------
  "SRC:/src/manager/DeviceManager.cpp"
  includes the moc file "DeviceManager.moc", but does not contain a Q_OBJECT, Q_GADGET, Q_NAMESPACE, Q_NAMESPACE_EXPORT, Q_GADGET_EXPORT or Q_ENUM_NS macro.
  
  AutoMoc warning
  ---------------
  "SRC:/src/manager/FirstRunAndSplash.cpp"
  includes the moc file "FirstRunAndSplash.moc", but does not contain a Q_OBJECT, Q_GADGET, Q_NAMESPACE, Q_NAMESPACE_EXPORT, Q_GADGET_EXPORT or Q_ENUM_NS macro.
  
  AutoMoc warning
  ---------------
  "SRC:/src/manager/HubModel.cpp"
  includes the moc file "HubModel.moc", but does not contain a Q_OBJECT, Q_GADGET, Q_NAMESPACE, Q_NAMESPACE_EXPORT, Q_GADGET_EXPORT or Q_ENUM_NS macro.
  
  AutoMoc warning
  ---------------
  "SRC:/src/manager/HubWindow.cpp"
  includes the moc file "HubWindow.moc", but does not contain a Q_OBJECT, Q_GADGET, Q_NAMESPACE, Q_NAMESPACE_EXPORT, Q_GADGET_EXPORT or Q_ENUM_NS macro.
  
  AutoMoc warning
  ---------------
  "SRC:/src/manager/NetworkStatsModel.cpp"
  includes the moc file "NetworkStatsModel.moc", but does not contain a Q_OBJECT, Q_GADGET, Q_NAMESPACE, Q_NAMESPACE_EXPORT, Q_GADGET_EXPORT or Q_ENUM_NS macro.
  
  AutoMoc warning
  ---------------
  "SRC:/src/manager/PerformanceOverlay.cpp"
  includes the moc file "PerformanceOverlay.moc", but does not contain a Q_OBJECT, Q_GADGET, Q_NAMESPACE, Q_NAMESPACE_EXPORT, Q_GADGET_EXPORT or Q_ENUM_NS macro.
  
  AutoMoc warning
  ---------------
  "SRC:/src/manager/SettingsModel.cpp"
  includes the moc file "SettingsModel.moc", but does not contain a Q_OBJECT, Q_GADGET, Q_NAMESPACE, Q_NAMESPACE_EXPORT, Q_GADGET_EXPORT or Q_ENUM_NS macro.
  
  Running AUTOMOC file extraction for target AuraCastPro
  Running moc --collect-json for target AuraCastPro
  Generating .rcc/qmlcache/AuraCastPro_qmlcache_loader.cpp
  Cannot open options file specified with @
C:\Program Files (x86)\Microsoft Visual Studio\2022\BuildTools\MSBuild\Microsoft\VC\v170\Microsoft.CppCommon.targets(254,5): error MSB8066: Custom build for 'C:\Users\MadBlast\Documents\GitHub\AuraCastPro\build\CMakeFiles\7e9a69243e5850bff06bee227b266367\qt6auracastpro_metatypes.json.gen.rule;C:\Users\MadBlast\Documents\GitHub\AuraCastPro\build\CMakeFiles\d33e20de41cc8453213dcdf791fc9fcf\AuraCastPro_qmlcache_loader.cpp.rule;C:\Users\MadBlast\Documents\GitHub\AuraCastPro\build\CMakeFiles\bf9c77578d0997a29662508ea6cb607a\Main_qml.cpp.rule;C:\Users\MadBlast\Documents\GitHub\AuraCastPro\build\CMakeFiles\bf9c77578d0997a29662508ea6cb607a\Theme_qml.cpp.rule;C:\Users\MadBlast\Documents\GitHub\AuraCastPro\build\CMakeFiles\bf9c77578d0997a29662508ea6cb607a\AppHeader_qml.cpp.rule;C:\Users\MadBlast\Documents\GitHub\AuraCastPro\build\CMakeFiles\bf9c77578d0997a29662508ea6cb607a\Dashboard_qml.cpp.rule;C:\Users\MadBlast\Documents\GitHub\AuraCastPro\build\CMakeFiles\bf9c77578d0997a29662508ea6cb607a\DeviceList_qml.cpp.rule;C:\Users\MadBlast\Documents\GitHub\AuraCastPro\build\CMakeFiles\bf9c77578d0997a29662508ea6cb607a\DeviceCard_qml.cpp.rule;C:\Users\MadBlast\Documents\GitHub\AuraCastPro\build\CMakeFiles\bf9c77578d0997a29662508ea6cb607a\BitrateGraph_qml.cpp.rule;C:\Users\MadBlast\Documents\GitHub\AuraCastPro\build\CMakeFiles\bf9c77578d0997a29662508ea6cb607a\LatencyGraph_qml.cpp.rule;C:\Users\MadBlast\Documents\GitHub\AuraCastPro\build\CMakeFiles\bf9c77578d0997a29662508ea6cb607a\StatsPage_qml.cpp.rule;C:\Users\MadBlast\Documents\GitHub\AuraCastPro\build\CMakeFiles\bf9c77578d0997a29662508ea6cb607a\SettingsPage_qml.cpp.rule;C:\Users\MadBlast\Documents\GitHub\AuraCastPro\build\CMakeFiles\bf9c77578d0997a29662508ea6cb607a\PairingDialog_qml.cpp.rule;C:\Users\MadBlast\Documents\GitHub\AuraCastPro\build\CMakeFiles\bf9c77578d0997a29662508ea6cb607a\AboutDialog_qml.cpp.rule;C:\Users\MadBlast\Documents\GitHub\AuraCastPro\build\CMakeFiles\bf9c77578d0997a29662508ea6cb607a\DiagnosticsPanel_qml.cpp.rule;C:\Users\MadBlast\Documents\GitHub\AuraCastPro\build\CMakeFiles\bf9c77578d0997a29662508ea6cb607a\SplashProgress_qml.cpp.rule;C:\Users\MadBlast\Documents\GitHub\AuraCastPro\build\CMakeFiles\bf9c77578d0997a29662508ea6cb607a\FirstRunWizard_qml.cpp.rule;C:\Users\MadBlast\Documents\GitHub\AuraCastPro\build\CMakeFiles\bf9c77578d0997a29662508ea6cb607a\StatsOverlay_qml.cpp.rule;C:\Users\MadBlast\Documents\GitHub\AuraCastPro\build\CMakeFiles\bf9c77578d0997a29662508ea6cb607a\LicensePage_qml.cpp.rule' exited with code 1. [C:\Users\MadBlast\Documents\GitHub\AuraCastPro\build\AuraCastPro.vcxproj]
